[00:00:22] [Server thread/INFO]: Villager Villager['Villager'/26761, uuid='a74bddd5-7c4d-4295-8634-30da62fd3739', l='ServerLevel[world]', x=73.15, y=65.75, z=64.39, cpos=[4, 4], tl=1677, v=true] died, message: 'Villager was slain by ThiaguitoOwO2021'
[00:00:33] [Server thread/INFO]: Villager Villager['Villager'/24152, uuid='019b7b59-12bc-4aa8-979e-c2832f9ad1df', l='ServerLevel[world]', x=54.50, y=67.00, z=63.69, cpos=[3, 3], tl=19420, v=true] died, message: 'Villager was slain by ThiaguitoOwO2021'
[00:05:11] [Server thread/INFO]: Josuux_x1 has made the advancement [The Parrots and the Bats]
[00:10:02] [Async Chat Thread - #21/INFO]: [Not Secure] <ThiaguitoOwO2021> zzz
[00:10:02] [Async Chat Thread - #22/INFO]: [Not Secure] <ThiaguitoOwO2021> z
[00:10:04] [Async Chat Thread - #21/INFO]: [Not Secure] <ThiaguitoOwO2021> z
[00:10:09] [Async Chat Thread - #22/INFO]: [Not Secure] <Josuux_x1> zzzz
[00:10:43] [Async Chat Thread - #22/INFO]: [Not Secure] <elguatavo7u7159> Z
[00:10:43] [Async Chat Thread - #21/INFO]: [Not Secure] <elguatavo7u7159> Z
[00:10:43] [Async Chat Thread - #21/INFO]: [Not Secure] <elguatavo7u7159> Z
[00:10:44] [Async Chat Thread - #22/INFO]: [Not Secure] <elguatavo7u7159> Z
[00:10:44] [Async Chat Thread - #22/INFO]: [Not Secure] <elguatavo7u7159> ZZ
[00:10:44] [Async Chat Thread - #22/INFO]: [Not Secure] <elguatavo7u7159> Z
[00:10:48] [Async Chat Thread - #22/INFO]: [Not Secure] <ThiaguitoOwO2021> zzzz
[00:10:49] [Async Chat Thread - #21/INFO]: [Not Secure] <ThiaguitoOwO2021> z
[00:11:01] [Async Chat Thread - #22/INFO]: [Not Secure] <Josuux_x1> JAAJAJAJA
[00:11:04] [Async Chat Thread - #22/INFO]: [Not Secure] <Josuux_x1> UWU
[00:13:47] [Server thread/INFO]: elpanajose has made the advancement [Fishy Business]
[00:22:38] [Async Chat Thread - #23/INFO]: [Not Secure] <Josuux_x1> Z
[00:22:38] [Async Chat Thread - #23/INFO]: [Not Secure] <Josuux_x1> ZZ
[00:22:38] [Async Chat Thread - #23/INFO]: [Not Secure] <Josuux_x1> Z
[00:22:39] [Async Chat Thread - #23/INFO]: [Not Secure] <Josuux_x1> Z
[00:22:39] [Async Chat Thread - #23/INFO]: [Not Secure] <Josuux_x1> Z
[00:22:39] [Async Chat Thread - #23/INFO]: [Not Secure] <Josuux_x1> Z
[00:22:39] [Async Chat Thread - #23/INFO]: [Not Secure] <Josuux_x1> Z
[00:22:39] [Async Chat Thread - #23/INFO]: [Not Secure] <Josuux_x1> Z
[00:22:39] [Async Chat Thread - #24/INFO]: [Not Secure] <Josuux_x1> Z
[00:22:40] [Async Chat Thread - #23/INFO]: [Not Secure] <Josuux_x1> Z
[00:22:40] [Async Chat Thread - #23/INFO]: [Not Secure] <Josuux_x1> Z
[00:22:41] [Async Chat Thread - #23/INFO]: [Not Secure] <Josuux_x1> ZZZZZ
[00:22:41] [Async Chat Thread - #23/INFO]: [Not Secure] <Josuux_x1> ZZ
[00:22:41] [Async Chat Thread - #23/INFO]: [Not Secure] <Josuux_x1> Z
[00:22:41] [Server thread/INFO]: Josuux_x1 lost connection: Kicked for spamming
[00:22:41] [Server thread/INFO]: Josuux_x1 left the game
[00:22:42] [Async Chat Thread - #23/INFO]: [Not Secure] <elguatavo7u7159> z
[00:22:42] [Async Chat Thread - #24/INFO]: [Not Secure] <elguatavo7u7159> z
[00:22:42] [Async Chat Thread - #24/INFO]: [Not Secure] <elguatavo7u7159> z
[00:22:42] [Async Chat Thread - #24/INFO]: [Not Secure] <elguatavo7u7159> z
[00:22:42] [Async Chat Thread - #24/INFO]: [Not Secure] <elguatavo7u7159> zz
[00:22:43] [Async Chat Thread - #24/INFO]: [Not Secure] <elguatavo7u7159> z
[00:22:44] [Server thread/INFO]: ThiaguitoOwO2021 lost connection: Disconnected
[00:22:44] [Server thread/INFO]: ThiaguitoOwO2021 left the game
[00:22:53] [User Authenticator #8/INFO]: UUID of player Josuux_x1 is 3f1e6808-f9d2-3de8-8a57-2ac5d73421bb
[00:22:54] [Server thread/INFO]: Josuux_x1 joined the game
[00:22:54] [Server thread/INFO]: Josuux_x1[/127.62.185.89:53283] logged in with entity id 33656 at ([world]22.5, 63.0, 163.5)
[00:22:59] [User Authenticator #8/INFO]: UUID of player ThiaguitoOwO2021 is af141437-727c-30fc-9a69-1a126a779720
[00:23:00] [Server thread/INFO]: ThiaguitoOwO2021 joined the game
[00:23:00] [Server thread/INFO]: ThiaguitoOwO2021[/127.20.82.188:49011] logged in with entity id 33680 at ([world]49.54289254199333, 130.0, 54.51836727523792)
[00:24:09] [Async Chat Thread - #25/INFO]: [Not Secure] <elguatavo7u7159> 23 67 61
[00:24:51] [Async Chat Thread - #25/INFO]: [Not Secure] <elguatavo7u7159> 23 67 61
[00:24:51] [Async Chat Thread - #26/INFO]: [Not Secure] <elguatavo7u7159> 23 67 61
